node : file:///C:/
Client/Project/bac
kend/controllers/m
arketController.js
:131
At line:1 char:1
+ node 
test_ctrl.js > 
test_output.txt 
2>&1
+ ~~~~~~~~~~~~~~~~
~~~~~~~~~~~~~~~~~~
~~~~~~
    + CategoryInf 
   o          :   
  NotSpecified:   
  (file:///C:/    
Clie...ntroll    
er.js:131:Str    
ing) [], Remo    
teException
    + FullyQualif 
   iedErrorId :   
  NativeCommand   
 Error
 
export const 
fakePriceStore = 
{};
             ^

SyntaxError: 
Identifier 
'fakePriceStore' 
has already been 
declared
    at compileSour
ceTextModule (node
:internal/modules/
esm/utils:338:16)
    at ModuleLoade
r.moduleStrategy (
node:internal/modu
les/esm/translator
s:102:18)
    at #translate 
(node:internal/mod
ules/esm/loader:43
7:12)
    at ModuleLoade
r.loadAndTranslate
 (node:internal/mo
dules/esm/loader:4
84:27)

Node.js v22.12.0
